// Jest Snapshot v1, https://goo.gl/fbAQLP

exports[`RejectWithReasonModal should show empty title and body 1`] = `
<tm-reject-with-reason-modal
  accountRequestEmail=""
  accountRequestName=""
  activeModal={[Function NgbActiveModal]}
  existingAccount={[Function Object]}
  rejectionReasonBody={[Function String]}
  rejectionReasonTitle={[Function String]}
  searchService={[Function SearchService]}
  statusMessageService={[Function StatusMessageService]}
>
  <div
    class="modal-header bg-warning"
  >
    <h5
      class="modal-title"
    >
      <div>
        Reject Account Request for  With Reason
      </div>
    </h5>
    <button
      class="btn-close"
      type="button"
    />
  </div><div
    class="modal-body"
    id="reject-account-request-modal"
  >
    <div
      class="row"
    >
      <div
        class="col-12"
      >
        <div>
          <label>
            <b>
              Rejection Message Title:
            </b>
          </label>
        </div>
        <div
          class="form-group"
        >
          <input
            class="form-control"
            id="rejection-reason-title"
            rows="5"
            type="text"
          />
        </div>
        <div>
          <label>
            <b>
              Rejection Message Body:
            </b>
          </label>
        </div>
        <tm-rich-text-editor
          id="rejection-reason-body"
        />
      </div>
      <div
        class="modal-footer"
      >
        <button
          class="btn btn-light"
          id="btn-cancel-reject-request"
          type="button"
        >
          Cancel
        </button>
        <button
          class="btn btn-warning"
          id="btn-confirm-reject-request"
          type="button"
        >
           Reject 
        </button>
      </div>
    </div>
  </div>
</tm-reject-with-reason-modal>
`;
